
> my-app@0.0.0 build
> tsc -b && vite build

src/components/compound/PhoneInput.tsx(243,18): error TS2304: Cannot find name 'i18n'.
src/components/compound/PhoneInput.tsx(249,22): error TS2304: Cannot find name 'i18n'.
src/hooks/useNotifications.ts(92,47): error TS6133: 'payload' is declared but its value is never read.
